{"status":{"code":200,"text":"OK"},"result":{
  "id": 1,
  "unique_id": "halvargimnes",
  "username": "halvargimnes",
  "email": "halvargimnes@foreningenbs.no",
  "realname": "Halvar Gimnes",
  "phone": null,
  "groups_relation": {
    "beboer": [
      "beboer"
    ]
  },
  "groupsowner_relation": {},
  "groups": [
    {
      "id": 22,
      "unique_id": "beboer",
      "name": "beboer",
      "description": null
    }
  ]
}}